
R version 3.1.0 (2014-04-10) -- "Spring Dance"
Copyright (C) 2014 The R Foundation for Statistical Computing
Platform: x86_64-apple-darwin10.8.0 (64-bit)

R is free software and comes with ABSOLUTELY NO WARRANTY.
You are welcome to redistribute it under certain conditions.
Type 'license()' or 'licence()' for distribution details.

  Natural language support but running in an English locale

R is a collaborative project with many contributors.
Type 'contributors()' for more information and
'citation()' on how to cite R or R packages in publications.

Type 'demo()' for some demos, 'help()' for on-line help, or
'help.start()' for an HTML browser interface to help.
Type 'q()' to quit R.

During startup - Warning messages:
1: Setting LC_CTYPE failed, using "C" 
2: Setting LC_COLLATE failed, using "C" 
3: Setting LC_TIME failed, using "C" 
4: Setting LC_MESSAGES failed, using "C" 
5: Setting LC_MONETARY failed, using "C" 
[Workspace loaded from ~/.RData]

> library(ggplot2)
> getwd()
[1] "/Users/pkasu"
> trainData <- read.csv("/Users/pkasu/train.csv")
> g <- ggplot(trainData, aes(Age, Pclass))
> p11 <- g + geom_point(aes(color=Sex)) 
> p12 <- g + geom_point(aes(color=Sex)) + labs(title="Titanic intro Exploratory Analysis") + labs(x="Age of Passenger", y="Passenger Class on boat(1-3)")
> p21 <- g + geom_point(aes(color=Sex)) + facet_grid(Survived ~.)
> p22 <- g + geom_point(aes(color=Sex)) + facet_grid(Survived ~.) + labs(title="Titanic intro Exploratory Analysis") + labs(x="Age of Passenger", y="Passenger Class on boat(1-3)")
> 
> ##To save the Plot 11:
> png(filename='./figures/Plot11.png',
+     width = 480, height = 480, units = "px", pointsize = 12,
+     bg = "white")
> p11
Warning message:
Removed 177 rows containing missing values (geom_point). 
> dev.off()
Error in dev.off() : 
  QuartzBitmap_Output - unable to open file './figures/Plot11.png'
> ##To save the Plot 11:
> png(filename='./figures/Plot11.png',
+     width = 480, height = 480, units = "px", pointsize = 12,
+     bg = "white")
> p11
Warning message:
Removed 177 rows containing missing values (geom_point). 
> #Close device connection
> dev.off()
Error in dev.off() : 
  QuartzBitmap_Output - unable to open file './figures/Plot11.png'
> ##To save the Plot 11:
> png(filename='./figures/Plot11.png',
+     width = 480, height = 480, units = "px", pointsize = 12,
+     bg = "white")
> p11
Warning message:
Removed 177 rows containing missing values (geom_point). 
> 
> ##To save the Plot 21:
> png(filename='./figures/Plot21.png',
+     width = 480, height = 480, units = "px", pointsize = 12,
+     bg = "white")
> p21
Warning messages:
1: Removed 125 rows containing missing values (geom_point). 
2: Removed 52 rows containing missing values (geom_point). 
> #Close device connection
> dev.off()


> ##To save the Plot 22:
> png(filename='./figures/Plot22.png',
+     width = 480, height = 480, units = "px", pointsize = 12,
+     bg = "white")
> p22
Warning messages:
1: Removed 125 rows containing missing values (geom_point). 
2: Removed 52 rows containing missing values (geom_point). 
> #Close device connection
> dev.off()
Error in dev.off() : 
  QuartzBitmap_Output - unable to open file './figures/Plot22.png'
